error: Failed to read invalid_toml.txt: No such file or directory (os error 2)
 --> tests/ui/invalid_toml.rs:4:1
  |
4 | define_secrets!("invalid_toml.txt");
  | ^^^^^^^^^^^^^^^^^^^^^^^^^^^^^^^^^^^
  |
  = note: this error originates in the macro `define_secrets` (in Nightly builds, run with -Z macro-backtrace for more info)
